// Jest Snapshot v1, https://goo.gl/fbAQLP

exports[`should render the filterbar component correctly 1`] = `
<div>
  <div
    className="filterBar"
  >
    <div
      className="categories"
    >
      <button
        className="active"
        onClick={[Function]}
      >
        All
      </button>
      <button
        className=""
        onClick={[Function]}
      >
        Action
      </button>
      <button
        className=""
        onClick={[Function]}
      >
        Comedy
      </button>
      <button
        className=""
        onClick={[Function]}
      >
        Horror
      </button>
      <button
        className=""
        onClick={[Function]}
      >
        Crime
      </button>
    </div>
    <div
      className="sortSection"
    >
      <div>
        Sort by
      </div>
      <select
        onChange={[Function]}
      >
        <option
          value="releaseDate_ascending"
        >
          Release date asc
        </option>
        <option
          value="releaseDate_descending"
        >
          Release date desc
        </option>
        <option
          value="length_ascending"
        >
          Length asc
        </option>
        <option
          value="length_descending"
        >
          Length desc
        </option>
        <option
          value="rating_ascending"
        >
          Rating asc
        </option>
        <option
          value="rating_descending"
        >
          Rating desc
        </option>
      </select>
    </div>
  </div>
  <div
    className="movieCounter"
  >
    <span>
      10
    </span>
     movies found
  </div>
</div>
`;
